// Jest Snapshot v1, https://goo.gl/fbAQLP

exports[`Should ReviewList render correctly 1`] = `
<ul
  className="reviews__list"
>
  <li
    className="reviews__item"
  >
    <div
      className="reviews__user user"
    >
      <div
        className="reviews__avatar-wrapper user__avatar-wrapper"
      >
        <img
          alt="Reviews avatar"
          className="reviews__avatar user__avatar"
          height="54"
          src="https://assets.htmlacademy.ru/intensives/javascript-3/avatar/7.jpg"
          width="54"
        />
      </div>
      <span
        className="reviews__user-name"
      >
        Mollie
      </span>
    </div>
    <div
      className="reviews__info"
    >
      <div
        className="reviews__rating rating"
      >
        <div
          className="reviews__stars rating__stars"
        >
          <span
            style={
              Object {
                "width": "80%",
              }
            }
          />
          <span
            className="visually-hidden"
          >
            Rating
          </span>
        </div>
      </div>
      <p
        className="reviews__text"
      >
        The house is very good, very happy, hygienic and simple living conditions around it are also very good. I hope to have the opportunity to come back. Thank you.
      </p>
      <time
        className="reviews__time"
        dateTime="2020-11-05T13:38:44.753Z"
      >
        November 2020
      </time>
    </div>
  </li>
  <li
    className="reviews__item"
  >
    <div
      className="reviews__user user"
    >
      <div
        className="reviews__avatar-wrapper user__avatar-wrapper"
      >
        <img
          alt="Reviews avatar"
          className="reviews__avatar user__avatar"
          height="54"
          src="https://assets.htmlacademy.ru/intensives/javascript-3/avatar/10.jpg"
          width="54"
        />
      </div>
      <span
        className="reviews__user-name"
      >
        Christina
      </span>
    </div>
    <div
      className="reviews__info"
    >
      <div
        className="reviews__rating rating"
      >
        <div
          className="reviews__stars rating__stars"
        >
          <span
            style={
              Object {
                "width": "80%",
              }
            }
          />
          <span
            className="visually-hidden"
          >
            Rating
          </span>
        </div>
      </div>
      <p
        className="reviews__text"
      >
        I stayed here for one night and it was an unpleasant experience.
      </p>
      <time
        className="reviews__time"
        dateTime="2020-11-05T13:38:44.753Z"
      >
        November 2020
      </time>
    </div>
  </li>
  <li
    className="reviews__item"
  >
    <div
      className="reviews__user user"
    >
      <div
        className="reviews__avatar-wrapper user__avatar-wrapper"
      >
        <img
          alt="Reviews avatar"
          className="reviews__avatar user__avatar"
          height="54"
          src="https://assets.htmlacademy.ru/intensives/javascript-3/avatar/3.jpg"
          width="54"
        />
      </div>
      <span
        className="reviews__user-name"
      >
        Isaac
      </span>
    </div>
    <div
      className="reviews__info"
    >
      <div
        className="reviews__rating rating"
      >
        <div
          className="reviews__stars rating__stars"
        >
          <span
            style={
              Object {
                "width": "100%",
              }
            }
          />
          <span
            className="visually-hidden"
          >
            Rating
          </span>
        </div>
      </div>
      <p
        className="reviews__text"
      >
        The room was spacious and clean. The pool looked nothing like the photos and desparately needs a clean. The sauna and spa were closed for lunar new year holiday.
      </p>
      <time
        className="reviews__time"
        dateTime="2020-11-05T13:38:44.753Z"
      >
        November 2020
      </time>
    </div>
  </li>
</ul>
`;
